../Core/Src/st7735.c:123:13:ST7735_GPIO_Init	4	static
../Core/Src/st7735.c:141:13:ST7735_Reset	8	static
../Core/Src/st7735.c:148:13:ST7735_WriteCommand	16	static
../Core/Src/st7735.c:159:13:ST7735_WriteData	16	static
../Core/Src/st7735.c:170:13:ST7735_ExecuteCommandList	24	static
../Core/Src/st7735.c:200:13:ST7735_SetAddressWindow	32	static
../Core/Src/st7735.c:217:13:ST7735_WriteChar	48	static
../Core/Src/st7735.c:242:6:ST7735_Init	8	static
../Core/Src/st7735.c:253:6:ST7735_DrawPixel	24	static
../Core/Src/st7735.c:267:6:ST7735_DrawString	32	static
../Core/Src/st7735.c:297:6:ST7735_FillRectangle	32	static
../Core/Src/st7735.c:324:6:ST7735_FillScreen	24	static
../Core/Src/st7735.c:329:6:ST7735_DrawImage	24	static
../Core/Src/st7735.c:341:6:ST7735_DrawTouchGFX	56	dynamic
../Core/Src/st7735.c:365:6:ST7735_InvertColors	16	static
../Core/Src/st7735.c:372:6:ST7735_Backlight_On	8	static
../Core/Src/st7735.c:377:6:ST7735_Backlight_Off	8	static
../Core/Src/st7735.c:386:6:ST7735_DrawCircle	32	static
../Core/Src/st7735.c:426:6:ST7735_DrawCircleHelper	32	static
../Core/Src/st7735.c:472:6:ST7735_FillCircle	32	static
../Core/Src/st7735.c:483:6:ST7735_FillCircleHelper	32	static
../Core/Src/st7735.c:520:6:ST7735_DrawEllipse	48	static
../Core/Src/st7735.c:564:6:ST7735_FillEllipse	48	static
../Core/Src/st7735.c:608:6:ST7735_DrawRect	24	static
../Core/Src/st7735.c:621:6:ST7735_DrawRoundRect	32	static
../Core/Src/st7735.c:640:6:ST7735_FillRoundRect	32	static
../Core/Src/st7735.c:655:6:ST7735_DrawTriangle	32	static
../Core/Src/st7735.c:667:6:ST7735_FillTriangle	64	static
../Core/Src/st7735.c:750:6:ST7735_DrawLine	48	static
../Core/Src/st7735.c:804:6:ST7735_DrawFastVLine	32	static
../Core/Src/st7735.c:817:6:ST7735_DrawFastHLine	32	static
../Core/Src/st7735.c:830:6:ST7735_SetRotation	24	static
../Core/Src/st7735.c:884:9:ST7735_GetRotation	4	static
../Core/Src/st7735.c:889:9:ST7735_GetHeight	4	static
../Core/Src/st7735.c:894:9:ST7735_GetWidth	4	static
